Archive member included to satisfy reference by file (symbol)

/home/sekwon/strata_sekwon/shim/glibc-build-all/elf/rtld-libc.a(rtld-check_fds.os)
                              /home/sekwon/strata_sekwon/shim/glibc-build-all/elf/dl-allobjs.os (__libc_check_standard_fds)
/home/sekwon/strata_sekwon/shim/glibc-build-all/elf/rtld-libc.a(rtld-errno.os)
                              /home/sekwon/strata_sekwon/shim/glibc-build-all/elf/dl-allobjs.os (rtld_errno)
/home/sekwon/strata_sekwon/shim/glibc-build-all/elf/rtld-libc.a(rtld-closedir.os)
                              /home/sekwon/strata_sekwon/shim/glibc-build-all/elf/dl-allobjs.os (__closedir)
/home/sekwon/strata_sekwon/shim/glibc-build-all/elf/rtld-libc.a(rtld-readdir.os)
                              /home/sekwon/strata_sekwon/shim/glibc-build-all/elf/dl-allobjs.os (__readdir)
/home/sekwon/strata_sekwon/shim/glibc-build-all/elf/rtld-libc.a(rtld-rewinddir.os)
                              /home/sekwon/strata_sekwon/shim/glibc-build-all/elf/dl-allobjs.os (rewinddir)
/home/sekwon/strata_sekwon/shim/glibc-build-all/elf/rtld-libc.a(rtld-getdents.os)
                              /home/sekwon/strata_sekwon/shim/glibc-build-all/elf/rtld-libc.a(rtld-readdir.os) (__getdents)
/home/sekwon/strata_sekwon/shim/glibc-build-all/elf/rtld-libc.a(rtld-fdopendir.os)
                              /home/sekwon/strata_sekwon/shim/glibc-build-all/elf/dl-allobjs.os (__fdopendir)
/home/sekwon/strata_sekwon/shim/glibc-build-all/elf/rtld-libc.a(rtld-profil.os)
                              /home/sekwon/strata_sekwon/shim/glibc-build-all/elf/dl-allobjs.os (__profil)
/home/sekwon/strata_sekwon/shim/glibc-build-all/elf/rtld-libc.a(rtld-prof-freq.os)
                              /home/sekwon/strata_sekwon/shim/glibc-build-all/elf/dl-allobjs.os (__profile_frequency)
/home/sekwon/strata_sekwon/shim/glibc-build-all/elf/rtld-libc.a(rtld-xstat.os)
                              /home/sekwon/strata_sekwon/shim/glibc-build-all/elf/dl-allobjs.os (__GI___xstat64)
/home/sekwon/strata_sekwon/shim/glibc-build-all/elf/rtld-libc.a(rtld-fxstat.os)
                              /home/sekwon/strata_sekwon/shim/glibc-build-all/elf/dl-allobjs.os (__GI___fxstat64)
/home/sekwon/strata_sekwon/shim/glibc-build-all/elf/rtld-libc.a(rtld-lxstat.os)
                              /home/sekwon/strata_sekwon/shim/glibc-build-all/elf/dl-allobjs.os (__GI___lxstat64)
/home/sekwon/strata_sekwon/shim/glibc-build-all/elf/rtld-libc.a(rtld-open.os)
                              /home/sekwon/strata_sekwon/shim/glibc-build-all/elf/dl-allobjs.os (__open)
/home/sekwon/strata_sekwon/shim/glibc-build-all/elf/rtld-libc.a(rtld-read.os)
                              /home/sekwon/strata_sekwon/shim/glibc-build-all/elf/dl-allobjs.os (__libc_read)
/home/sekwon/strata_sekwon/shim/glibc-build-all/elf/rtld-libc.a(rtld-write.os)
                              /home/sekwon/strata_sekwon/shim/glibc-build-all/elf/dl-allobjs.os (__libc_write)
/home/sekwon/strata_sekwon/shim/glibc-build-all/elf/rtld-libc.a(rtld-access.os)
                              /home/sekwon/strata_sekwon/shim/glibc-build-all/elf/dl-allobjs.os (__access)
/home/sekwon/strata_sekwon/shim/glibc-build-all/elf/rtld-libc.a(rtld-fcntl.os)
                              /home/sekwon/strata_sekwon/shim/glibc-build-all/elf/rtld-libc.a(rtld-check_fds.os) (__libc_fcntl)
/home/sekwon/strata_sekwon/shim/glibc-build-all/elf/rtld-libc.a(rtld-close.os)
                              /home/sekwon/strata_sekwon/shim/glibc-build-all/elf/dl-allobjs.os (__close)
/home/sekwon/strata_sekwon/shim/glibc-build-all/elf/rtld-libc.a(rtld-mmap.os)
                              /home/sekwon/strata_sekwon/shim/glibc-build-all/elf/dl-allobjs.os (__mmap)
/home/sekwon/strata_sekwon/shim/glibc-build-all/elf/rtld-libc.a(rtld-munmap.os)
                              /home/sekwon/strata_sekwon/shim/glibc-build-all/elf/dl-allobjs.os (__munmap)
/home/sekwon/strata_sekwon/shim/glibc-build-all/elf/rtld-libc.a(rtld-mprotect.os)
                              /home/sekwon/strata_sekwon/shim/glibc-build-all/elf/dl-allobjs.os (__mprotect)
/home/sekwon/strata_sekwon/shim/glibc-build-all/elf/rtld-libc.a(rtld-llseek.os)
                              /home/sekwon/strata_sekwon/shim/glibc-build-all/elf/dl-allobjs.os (__lseek)
/home/sekwon/strata_sekwon/shim/glibc-build-all/elf/rtld-libc.a(rtld-uname.os)
                              /home/sekwon/strata_sekwon/shim/glibc-build-all/elf/dl-allobjs.os (__uname)
/home/sekwon/strata_sekwon/shim/glibc-build-all/elf/rtld-libc.a(rtld-_exit.os)
                              /home/sekwon/strata_sekwon/shim/glibc-build-all/elf/dl-allobjs.os (_exit)
/home/sekwon/strata_sekwon/shim/glibc-build-all/elf/rtld-libc.a(rtld-getpid.os)
                              /home/sekwon/strata_sekwon/shim/glibc-build-all/elf/dl-allobjs.os (__getpid)
/home/sekwon/strata_sekwon/shim/glibc-build-all/elf/rtld-libc.a(rtld-environ.os)
                              /home/sekwon/strata_sekwon/shim/glibc-build-all/elf/dl-allobjs.os (__environ)
/home/sekwon/strata_sekwon/shim/glibc-build-all/elf/rtld-libc.a(rtld-setjmp.os)
                              /home/sekwon/strata_sekwon/shim/glibc-build-all/elf/dl-allobjs.os (__sigsetjmp)
/home/sekwon/strata_sekwon/shim/glibc-build-all/elf/rtld-libc.a(rtld-__longjmp.os)
                              /home/sekwon/strata_sekwon/shim/glibc-build-all/elf/dl-allobjs.os (__longjmp)
/home/sekwon/strata_sekwon/shim/glibc-build-all/elf/rtld-libc.a(rtld-sigaction.os)
                              /home/sekwon/strata_sekwon/shim/glibc-build-all/elf/rtld-libc.a(rtld-profil.os) (__sigaction)
/home/sekwon/strata_sekwon/shim/glibc-build-all/elf/rtld-libc.a(rtld-strchr.os)
                              /home/sekwon/strata_sekwon/shim/glibc-build-all/elf/dl-allobjs.os (strchr)
/home/sekwon/strata_sekwon/shim/glibc-build-all/elf/rtld-libc.a(rtld-strcmp.os)
                              /home/sekwon/strata_sekwon/shim/glibc-build-all/elf/dl-allobjs.os (strcmp)
/home/sekwon/strata_sekwon/shim/glibc-build-all/elf/rtld-libc.a(rtld-strcpy.os)
                              /home/sekwon/strata_sekwon/shim/glibc-build-all/elf/dl-allobjs.os (strcpy)
/home/sekwon/strata_sekwon/shim/glibc-build-all/elf/rtld-libc.a(rtld-strlen.os)
                              /home/sekwon/strata_sekwon/shim/glibc-build-all/elf/dl-allobjs.os (strlen)
/home/sekwon/strata_sekwon/shim/glibc-build-all/elf/rtld-libc.a(rtld-strnlen.os)
                              /home/sekwon/strata_sekwon/shim/glibc-build-all/elf/dl-allobjs.os (strnlen)
/home/sekwon/strata_sekwon/shim/glibc-build-all/elf/rtld-libc.a(rtld-memchr.os)
                              /home/sekwon/strata_sekwon/shim/glibc-build-all/elf/dl-allobjs.os (memchr)
/home/sekwon/strata_sekwon/shim/glibc-build-all/elf/rtld-libc.a(rtld-memcmp.os)
                              /home/sekwon/strata_sekwon/shim/glibc-build-all/elf/dl-allobjs.os (memcmp)
/home/sekwon/strata_sekwon/shim/glibc-build-all/elf/rtld-libc.a(rtld-memmove.os)
                              /home/sekwon/strata_sekwon/shim/glibc-build-all/elf/dl-allobjs.os (memmove)
/home/sekwon/strata_sekwon/shim/glibc-build-all/elf/rtld-libc.a(rtld-memset.os)
                              /home/sekwon/strata_sekwon/shim/glibc-build-all/elf/dl-allobjs.os (memset)
/home/sekwon/strata_sekwon/shim/glibc-build-all/elf/rtld-libc.a(rtld-mempcpy.os)
                              /home/sekwon/strata_sekwon/shim/glibc-build-all/elf/dl-allobjs.os (mempcpy)
/home/sekwon/strata_sekwon/shim/glibc-build-all/elf/rtld-libc.a(rtld-stpcpy.os)
                              /home/sekwon/strata_sekwon/shim/glibc-build-all/elf/dl-allobjs.os (stpcpy)
/home/sekwon/strata_sekwon/shim/glibc-build-all/elf/rtld-libc.a(rtld-memcpy.os)
                              /home/sekwon/strata_sekwon/shim/glibc-build-all/elf/dl-allobjs.os (memcpy)
/home/sekwon/strata_sekwon/shim/glibc-build-all/elf/rtld-libc.a(rtld-wordcopy.os)
                              /home/sekwon/strata_sekwon/shim/glibc-build-all/elf/rtld-libc.a(rtld-memmove.os) (_wordcopy_fwd_aligned)
/home/sekwon/strata_sekwon/shim/glibc-build-all/elf/rtld-libc.a(rtld-rawmemchr.os)
                              /home/sekwon/strata_sekwon/shim/glibc-build-all/elf/dl-allobjs.os (rawmemchr)
/home/sekwon/strata_sekwon/shim/glibc-build-all/elf/rtld-libc.a(rtld-setitimer.os)
                              /home/sekwon/strata_sekwon/shim/glibc-build-all/elf/rtld-libc.a(rtld-profil.os) (__setitimer)

Memory Configuration

Name             Origin             Length             Attributes
*default*        0x0000000000000000 0xffffffffffffffff

Linker script and memory map

START GROUP
LOAD /home/sekwon/strata_sekwon/shim/glibc-build-all/elf/dl-allobjs.os
LOAD /home/sekwon/strata_sekwon/shim/glibc-build-all/elf/rtld-libc.a
LOAD /usr/lib/gcc/x86_64-linux-gnu/5/libgcc.a
END GROUP

.interp
 *(.interp)

.note.gnu.build-id
 *(.note.gnu.build-id)

.hash
 *(.hash)

.gnu.hash
 *(.gnu.hash)

.dynsym
 *(.dynsym)

.dynstr
 *(.dynstr)

.gnu.version
 *(.gnu.version)

.gnu.version_d
 *(.gnu.version_d)

.gnu.version_r
 *(.gnu.version_r)

.rela.init
 *(.rela.init)

.rela.text
 *(.rela.text)

.rela.fini
 *(.rela.fini)

.rela.rodata
 *(.rela.rodata)

.rela.data.rel.ro
 *(.rela.data.rel.ro)

.rela.data
 *(.rela.data)

.rela.tdata
 *(.rela.tdata)

.rela.tbss
 *(.rela.tbss)

.rela.ctors
 *(.rela.ctors)

.rela.dtors
 *(.rela.dtors)

.rela.got
 *(.rela.got)

.rela.bss
 *(.rela.bss)

.rela.ldata
 *(.rela.ldata)

.rela.lbss
 *(.rela.lbss)

.rela.lrodata
 *(.rela.lrodata)

.rela.ifunc
 *(.rela.ifunc)

.rela.plt
 *(.rela.plt)

.init
 *(SORT(.init))

.plt
 *(.plt)
 *(.iplt)

.plt.got
 *(.plt.got)

.plt.bnd
 *(.plt.bnd)

.text           0x0000000000000000    0x190d9
 *(.text .stub)
 .text          0x0000000000000000    0x16a21 /home/sekwon/strata_sekwon/shim/glibc-build-all/elf/dl-allobjs.os
                0x0000000000000000                _start
                0x0000000000000008                _dl_start_user
                0x0000000000000050                _dl_initial_error_catch_tsd
                0x0000000000006680                _dl_dst_count
                0x0000000000006730                _dl_dst_substitute
                0x0000000000007040                _dl_init_paths
                0x0000000000007480                _dl_map_object
                0x0000000000007dd0                _dl_rtld_di_serinfo
                0x0000000000008aa0                _dl_lookup_symbol_x
                0x0000000000009bd0                _dl_setup_hash
                0x0000000000009c80                _dl_add_to_namespace_list
                0x0000000000009d10                _dl_new_object
                0x000000000000a0b0                _dl_try_allocate_static_tls
                0x000000000000a190                _dl_allocate_static_tls
                0x000000000000a1c0                _dl_nothread_init_static_tls
                0x000000000000a250                _dl_protect_relro
                0x000000000000a2b0                _dl_reloc_bad_type
                0x000000000000a380                _dl_relocate_object
                0x000000000000baa0                _dl_map_object_deps
                0x000000000000cd30                _dl_important_hwcaps
                0x000000000000d490                _dl_fixup
                0x000000000000d6a0                _dl_profile_fixup
                0x000000000000dca0                _dl_call_pltexit
                0x000000000000ddb0                _dl_signal_error
                0x000000000000df50                _dl_signal_cerror
                0x000000000000dfe0                _dl_catch_error
                0x000000000000e0b0                _dl_receive_error
                0x000000000000e230                _dl_init_internal
                0x000000000000e230                _dl_init
                0x000000000000e360                _dl_sort_fini
                0x000000000000e5a0                _dl_fini
                0x000000000000e990                _dl_debug_state
                0x000000000000e990                __GI__dl_debug_state
                0x000000000000e9a0                _dl_debug_initialize
                0x000000000000f020                _dl_sysdep_read_whole_file
                0x000000000000f0b0                _dl_debug_printf
                0x000000000000f110                _dl_debug_printf_c
                0x000000000000f170                _dl_dprintf
                0x000000000000f1c0                _dl_name_match_p
                0x000000000000f230                _dl_higher_prime_number
                0x000000000000f6a0                _dl_check_map_versions
                0x000000000000fb40                _dl_check_all_versions
                0x000000000000fbb0                _dl_start_profile
                0x0000000000010390                _dl_mcount_internal
                0x0000000000010390                _dl_mcount
                0x00000000000105f0                _dl_resolve_conflicts
                0x0000000000010930                _dl_next_tls_modid
                0x0000000000010a30                _dl_determine_tlsoffset
                0x0000000000010c00                __GI__dl_tls_setup
                0x0000000000010c00                _dl_tls_setup
                0x0000000000010cb0                _dl_get_tls_static_info
                0x0000000000010cd0                _dl_allocate_tls_storage
                0x0000000000010d70                __GI__dl_allocate_tls_init
                0x0000000000010d70                _dl_allocate_tls_init
                0x0000000000010fb0                __GI__dl_allocate_tls
                0x0000000000010fb0                _dl_allocate_tls
                0x0000000000010ff0                _dl_deallocate_tls
                0x0000000000010ff0                __GI__dl_deallocate_tls
                0x0000000000011080                _dl_update_slotinfo
                0x00000000000113e0                __tls_get_addr
                0x0000000000011420                _dl_tls_get_addr_soft
                0x00000000000114a0                _dl_add_to_slotinfo
                0x0000000000011580                _dl_get_origin
                0x0000000000011700                _dl_scope_free
                0x00000000000117d0                _dl_make_stack_executable
                0x00000000000117d0                __GI__dl_make_stack_executable
                0x0000000000011860                _dl_check_caller
                0x0000000000011c90                __GI__dl_find_dso_for_object
                0x0000000000011c90                _dl_find_dso_for_object
                0x0000000000011d80                _dl_open
                0x0000000000012160                _dl_show_scope
                0x0000000000012c60                _dl_addr_inside_object
                0x0000000000012e10                _dl_close_worker
                0x0000000000013c90                _dl_close
                0x0000000000013d20                _dl_runtime_resolve
                0x0000000000013d90                _dl_runtime_profile
                0x00000000000142f0                _dl_x86_64_save_sse
                0x00000000000143e0                _dl_x86_64_restore_sse
                0x0000000000014490                register_library
                0x00000000000144a0                glibc_option
                0x00000000000144a8                syscalldb
                0x00000000000144b0                _dl_cache_libcmp
                0x0000000000014590                _dl_load_cache_lookup
                0x0000000000014b40                _dl_unload_cache
                0x0000000000014b80                _dl_sysdep_start
                0x0000000000014ef0                _dl_sysdep_start_cleanup
                0x0000000000014f00                _dl_show_auxv
                0x00000000000150b0                _dl_discover_osversion
                0x0000000000015280                _dl_next_ld_env_entry
                0x00000000000152d0                unsetenv
                0x0000000000015340                __libc_memalign
                0x0000000000015440                malloc
                0x0000000000015450                calloc
                0x0000000000015490                free
                0x00000000000154c0                __sigjmp_save
                0x00000000000154d0                __strerror_r
                0x00000000000155b0                __GI___assert_fail
                0x00000000000155b0                __assert_fail
                0x0000000000015600                realloc
                0x0000000000015690                __GI___assert_perror_fail
                0x0000000000015690                __assert_perror_fail
                0x0000000000015700                __strtoul_internal
                0x00000000000158d0                _itoa
                0x0000000000015920                __strsep
                0x0000000000015920                strsep
                0x0000000000015920                __strsep_g
                0x00000000000159b0                __GI___chk_fail
                0x00000000000159b0                __chk_fail
                0x00000000000159c0                __brk
                0x00000000000159c0                brk
                0x0000000000015a30                sbrk
                0x0000000000015a30                __sbrk
                0x0000000000015ac0                __getcwd
                0x0000000000015ac0                getcwd
                0x00000000000160f0                openat64
                0x0000000000016150                __alloc_dir
                0x0000000000016260                __opendirat
                0x00000000000162e0                __opendir
                0x00000000000162e0                opendir
                0x00000000000162f0                __fxstatat
                0x00000000000162f0                __fxstatat64
                0x00000000000162f0                __GI___fxstatat64
                0x0000000000016340                _dl_make_tlsdesc_dynamic
                0x0000000000016600                _dl_tlsdesc_resolve_rela_fixup
                0x00000000000167c0                _dl_tlsdesc_resolve_hold_fixup
                0x0000000000016800                _dl_unmap
                0x0000000000016880                _dl_tlsdesc_return
                0x0000000000016890                _dl_tlsdesc_undefweak
                0x00000000000168a0                _dl_tlsdesc_dynamic
                0x0000000000016940                _dl_tlsdesc_resolve_rela
                0x00000000000169b0                _dl_tlsdesc_resolve_hold
 *fill*         0x0000000000016a21        0xf 
 .text          0x0000000000016a30       0xe2 /home/sekwon/strata_sekwon/shim/glibc-build-all/elf/rtld-libc.a(rtld-check_fds.os)
                0x0000000000016ae0                __libc_check_standard_fds
 .text          0x0000000000016b12        0x0 /home/sekwon/strata_sekwon/shim/glibc-build-all/elf/rtld-libc.a(rtld-errno.os)
 *fill*         0x0000000000016b12        0xe 
 .text          0x0000000000016b20       0x28 /home/sekwon/strata_sekwon/shim/glibc-build-all/elf/rtld-libc.a(rtld-closedir.os)
                0x0000000000016b20                __closedir
                0x0000000000016b20                closedir
 *fill*         0x0000000000016b48        0x8 
 .text          0x0000000000016b50       0x85 /home/sekwon/strata_sekwon/shim/glibc-build-all/elf/rtld-libc.a(rtld-readdir.os)
                0x0000000000016b50                readdir
                0x0000000000016b50                __readdir64
                0x0000000000016b50                __readdir
                0x0000000000016b50                readdir64
 *fill*         0x0000000000016bd5        0xb 
 .text          0x0000000000016be0       0x30 /home/sekwon/strata_sekwon/shim/glibc-build-all/elf/rtld-libc.a(rtld-rewinddir.os)
                0x0000000000016be0                rewinddir
 .text          0x0000000000016c10       0x99 /home/sekwon/strata_sekwon/shim/glibc-build-all/elf/rtld-libc.a(rtld-getdents.os)
                0x0000000000016c10                __getdents
                0x0000000000016c10                __getdents64
 *fill*         0x0000000000016ca9        0x7 
 .text          0x0000000000016cb0       0x8e /home/sekwon/strata_sekwon/shim/glibc-build-all/elf/rtld-libc.a(rtld-fdopendir.os)
                0x0000000000016cb0                fdopendir
                0x0000000000016cb0                __fdopendir
 *fill*         0x0000000000016d3e        0x2 
 .text          0x0000000000016d40      0x110 /home/sekwon/strata_sekwon/shim/glibc-build-all/elf/rtld-libc.a(rtld-profil.os)
                0x0000000000016d90                __profil
                0x0000000000016d90                profil
 .text          0x0000000000016e50        0x7 /home/sekwon/strata_sekwon/shim/glibc-build-all/elf/rtld-libc.a(rtld-prof-freq.os)
                0x0000000000016e50                __profile_frequency
 *fill*         0x0000000000016e57        0x9 
 .text          0x0000000000016e60       0x50 /home/sekwon/strata_sekwon/shim/glibc-build-all/elf/rtld-libc.a(rtld-xstat.os)
                0x0000000000016e60                _xstat
                0x0000000000016e60                __xstat64
                0x0000000000016e60                __GI___xstat64
                0x0000000000016e60                __GI___xstat
                0x0000000000016e60                __xstat
 .text          0x0000000000016eb0       0x50 /home/sekwon/strata_sekwon/shim/glibc-build-all/elf/rtld-libc.a(rtld-fxstat.os)
                0x0000000000016eb0                __GI___fxstat
                0x0000000000016eb0                __GI___fxstat64
                0x0000000000016eb0                __fxstat64
                0x0000000000016eb0                _fxstat
                0x0000000000016eb0                __fxstat
 .text          0x0000000000016f00       0x50 /home/sekwon/strata_sekwon/shim/glibc-build-all/elf/rtld-libc.a(rtld-lxstat.os)
                0x0000000000016f00                __GI___lxstat
                0x0000000000016f00                _lxstat
                0x0000000000016f00                __lxstat
                0x0000000000016f00                __lxstat64
                0x0000000000016f00                __GI___lxstat64
 .text          0x0000000000016f50       0x29 /home/sekwon/strata_sekwon/shim/glibc-build-all/elf/rtld-libc.a(rtld-open.os)
                0x0000000000016f50                __open
                0x0000000000016f50                __libc_open
                0x0000000000016f50                open64
                0x0000000000016f50                open
                0x0000000000016f50                __open64
 *fill*         0x0000000000016f79        0x7 
 .text          0x0000000000016f80       0x29 /home/sekwon/strata_sekwon/shim/glibc-build-all/elf/rtld-libc.a(rtld-read.os)
                0x0000000000016f80                __read
                0x0000000000016f80                __libc_read
                0x0000000000016f80                read
 *fill*         0x0000000000016fa9        0x7 
 .text          0x0000000000016fb0       0x29 /home/sekwon/strata_sekwon/shim/glibc-build-all/elf/rtld-libc.a(rtld-write.os)
                0x0000000000016fb0                __write
                0x0000000000016fb0                write
                0x0000000000016fb0                __libc_write
 *fill*         0x0000000000016fd9        0x7 
 .text          0x0000000000016fe0       0x29 /home/sekwon/strata_sekwon/shim/glibc-build-all/elf/rtld-libc.a(rtld-access.os)
                0x0000000000016fe0                access
                0x0000000000016fe0                __access
 *fill*         0x0000000000017009        0x7 
 .text          0x0000000000017010       0xef /home/sekwon/strata_sekwon/shim/glibc-build-all/elf/rtld-libc.a(rtld-fcntl.os)
                0x0000000000017010                __libc_fcntl
                0x0000000000017010                __fcntl
                0x0000000000017010                fcntl
 *fill*         0x00000000000170ff        0x1 
 .text          0x0000000000017100       0x29 /home/sekwon/strata_sekwon/shim/glibc-build-all/elf/rtld-libc.a(rtld-close.os)
                0x0000000000017100                __libc_close
                0x0000000000017100                __close
                0x0000000000017100                close
 *fill*         0x0000000000017129        0x7 
 .text          0x0000000000017130       0x2c /home/sekwon/strata_sekwon/shim/glibc-build-all/elf/rtld-libc.a(rtld-mmap.os)
                0x0000000000017130                __mmap
                0x0000000000017130                mmap
                0x0000000000017130                __mmap64
                0x0000000000017130                mmap64
 *fill*         0x000000000001715c        0x4 
 .text          0x0000000000017160       0x29 /home/sekwon/strata_sekwon/shim/glibc-build-all/elf/rtld-libc.a(rtld-munmap.os)
                0x0000000000017160                munmap
                0x0000000000017160                __munmap
 *fill*         0x0000000000017189        0x7 
 .text          0x0000000000017190       0x29 /home/sekwon/strata_sekwon/shim/glibc-build-all/elf/rtld-libc.a(rtld-mprotect.os)
                0x0000000000017190                __mprotect
                0x0000000000017190                mprotect
 *fill*         0x00000000000171b9        0x7 
 .text          0x00000000000171c0       0x29 /home/sekwon/strata_sekwon/shim/glibc-build-all/elf/rtld-libc.a(rtld-llseek.os)
                0x00000000000171c0                __llseek
                0x00000000000171c0                __lseek64
                0x00000000000171c0                lseek
                0x00000000000171c0                __libc_lseek64
                0x00000000000171c0                llseek
                0x00000000000171c0                __lseek
                0x00000000000171c0                __libc_lseek
                0x00000000000171c0                lseek64
 *fill*         0x00000000000171e9        0x7 
 .text          0x00000000000171f0       0x29 /home/sekwon/strata_sekwon/shim/glibc-build-all/elf/rtld-libc.a(rtld-uname.os)
                0x00000000000171f0                uname
                0x00000000000171f0                __uname
 *fill*         0x0000000000017219        0x7 
 .text          0x0000000000017220       0x5a /home/sekwon/strata_sekwon/shim/glibc-build-all/elf/rtld-libc.a(rtld-_exit.os)
                0x0000000000017220                _Exit
                0x0000000000017220                _exit
 *fill*         0x000000000001727a        0x6 
 .text          0x0000000000017280       0x11 /home/sekwon/strata_sekwon/shim/glibc-build-all/elf/rtld-libc.a(rtld-getpid.os)
                0x0000000000017280                __getpid
                0x0000000000017280                getpid
 .text          0x0000000000017291        0x0 /home/sekwon/strata_sekwon/shim/glibc-build-all/elf/rtld-libc.a(rtld-environ.os)
 *fill*         0x0000000000017291        0xf 
 .text          0x00000000000172a0       0x4f /home/sekwon/strata_sekwon/shim/glibc-build-all/elf/rtld-libc.a(rtld-setjmp.os)
                0x00000000000172a0                __sigsetjmp
                0x00000000000172a0                __GI___sigsetjmp
 *fill*         0x00000000000172ef        0x1 
 .text          0x00000000000172f0       0x4a /home/sekwon/strata_sekwon/shim/glibc-build-all/elf/rtld-libc.a(rtld-__longjmp.os)
                0x00000000000172f0                __longjmp
 *fill*         0x000000000001733a        0x6 
 .text          0x0000000000017340      0x280 /home/sekwon/strata_sekwon/shim/glibc-build-all/elf/rtld-libc.a(rtld-sigaction.os)
                0x0000000000017360                __libc_sigaction
                0x00000000000175a0                sigaction
                0x00000000000175a0                __sigaction
 .text          0x00000000000175c0      0x21a /home/sekwon/strata_sekwon/shim/glibc-build-all/elf/rtld-libc.a(rtld-strchr.os)
                0x00000000000175c0                index
                0x00000000000175c0                strchr
 *fill*         0x00000000000177da        0x6 
 .text          0x00000000000177e0       0x21 /home/sekwon/strata_sekwon/shim/glibc-build-all/elf/rtld-libc.a(rtld-strcmp.os)
                0x00000000000177e0                strcmp
 *fill*         0x0000000000017801        0xf 
 .text          0x0000000000017810       0xdc /home/sekwon/strata_sekwon/shim/glibc-build-all/elf/rtld-libc.a(rtld-strcpy.os)
                0x0000000000017810                strcpy
 *fill*         0x00000000000178ec        0x4 
 .text          0x00000000000178f0       0xe9 /home/sekwon/strata_sekwon/shim/glibc-build-all/elf/rtld-libc.a(rtld-strlen.os)
                0x00000000000178f0                strlen
 *fill*         0x00000000000179d9        0x7 
 .text          0x00000000000179e0      0x220 /home/sekwon/strata_sekwon/shim/glibc-build-all/elf/rtld-libc.a(rtld-strnlen.os)
                0x00000000000179e0                __strnlen
                0x00000000000179e0                strnlen
 .text          0x0000000000017c00      0x344 /home/sekwon/strata_sekwon/shim/glibc-build-all/elf/rtld-libc.a(rtld-memchr.os)
                0x0000000000017c00                memchr
                0x0000000000017c00                __memchr
 *fill*         0x0000000000017f44        0xc 
 .text          0x0000000000017f50      0x4f1 /home/sekwon/strata_sekwon/shim/glibc-build-all/elf/rtld-libc.a(rtld-memcmp.os)
                0x0000000000017f50                bcmp
                0x0000000000017f50                memcmp
 .text          0x0000000000018441      0x15a /home/sekwon/strata_sekwon/shim/glibc-build-all/elf/rtld-libc.a(rtld-memmove.os)
                0x0000000000018441                memmove
 *fill*         0x000000000001859b        0x5 
 .text          0x00000000000185a0       0x10 /home/sekwon/strata_sekwon/shim/glibc-build-all/elf/rtld-libc.a(rtld-memset.os)
                0x00000000000185a0                memset
 .text          0x00000000000185b0      0x14d /home/sekwon/strata_sekwon/shim/glibc-build-all/elf/rtld-libc.a(rtld-mempcpy.os)
                0x00000000000185b0                mempcpy
                0x00000000000185b0                __mempcpy
 *fill*         0x00000000000186fd        0x3 
 .text          0x0000000000018700       0xdc /home/sekwon/strata_sekwon/shim/glibc-build-all/elf/rtld-libc.a(rtld-stpcpy.os)
                0x0000000000018700                stpcpy
                0x0000000000018700                __stpcpy
 *fill*         0x00000000000187dc        0x4 
 .text          0x00000000000187e0      0x160 /home/sekwon/strata_sekwon/shim/glibc-build-all/elf/rtld-libc.a(rtld-memcpy.os)
                0x00000000000187e0                memcpy
 .text          0x0000000000018940      0x556 /home/sekwon/strata_sekwon/shim/glibc-build-all/elf/rtld-libc.a(rtld-wordcopy.os)
                0x0000000000018940                _wordcopy_fwd_aligned
                0x0000000000018a80                _wordcopy_fwd_dest_aligned
                0x0000000000018bb0                _wordcopy_bwd_aligned
                0x0000000000018d40                _wordcopy_bwd_dest_aligned
 *fill*         0x0000000000018e96        0xa 
 .text          0x0000000000018ea0      0x204 /home/sekwon/strata_sekwon/shim/glibc-build-all/elf/rtld-libc.a(rtld-rawmemchr.os)
                0x0000000000018ea0                __rawmemchr
                0x0000000000018ea0                rawmemchr
 *fill*         0x00000000000190a4        0xc 
 .text          0x00000000000190b0       0x29 /home/sekwon/strata_sekwon/shim/glibc-build-all/elf/rtld-libc.a(rtld-setitimer.os)
                0x00000000000190b0                setitimer
                0x00000000000190b0                __setitimer
 *(.gnu.warning)

.text.unlikely  0x0000000000000000      0x255
 .text.unlikely
                0x0000000000000000      0x255 /home/sekwon/strata_sekwon/shim/glibc-build-all/elf/dl-allobjs.os
 .text.unlikely
                0x0000000000000255        0x0 /home/sekwon/strata_sekwon/shim/glibc-build-all/elf/rtld-libc.a(rtld-check_fds.os)
 .text.unlikely
                0x0000000000000255        0x0 /home/sekwon/strata_sekwon/shim/glibc-build-all/elf/rtld-libc.a(rtld-closedir.os)
 .text.unlikely
                0x0000000000000255        0x0 /home/sekwon/strata_sekwon/shim/glibc-build-all/elf/rtld-libc.a(rtld-readdir.os)
 .text.unlikely
                0x0000000000000255        0x0 /home/sekwon/strata_sekwon/shim/glibc-build-all/elf/rtld-libc.a(rtld-rewinddir.os)
 .text.unlikely
                0x0000000000000255        0x0 /home/sekwon/strata_sekwon/shim/glibc-build-all/elf/rtld-libc.a(rtld-getdents.os)
 .text.unlikely
                0x0000000000000255        0x0 /home/sekwon/strata_sekwon/shim/glibc-build-all/elf/rtld-libc.a(rtld-fdopendir.os)
 .text.unlikely
                0x0000000000000255        0x0 /home/sekwon/strata_sekwon/shim/glibc-build-all/elf/rtld-libc.a(rtld-profil.os)
 .text.unlikely
                0x0000000000000255        0x0 /home/sekwon/strata_sekwon/shim/glibc-build-all/elf/rtld-libc.a(rtld-prof-freq.os)
 .text.unlikely
                0x0000000000000255        0x0 /home/sekwon/strata_sekwon/shim/glibc-build-all/elf/rtld-libc.a(rtld-xstat.os)
 .text.unlikely
                0x0000000000000255        0x0 /home/sekwon/strata_sekwon/shim/glibc-build-all/elf/rtld-libc.a(rtld-fxstat.os)
 .text.unlikely
                0x0000000000000255        0x0 /home/sekwon/strata_sekwon/shim/glibc-build-all/elf/rtld-libc.a(rtld-lxstat.os)
 .text.unlikely
                0x0000000000000255        0x0 /home/sekwon/strata_sekwon/shim/glibc-build-all/elf/rtld-libc.a(rtld-fcntl.os)
 .text.unlikely
                0x0000000000000255        0x0 /home/sekwon/strata_sekwon/shim/glibc-build-all/elf/rtld-libc.a(rtld-_exit.os)
 .text.unlikely
                0x0000000000000255        0x0 /home/sekwon/strata_sekwon/shim/glibc-build-all/elf/rtld-libc.a(rtld-getpid.os)
 .text.unlikely
                0x0000000000000255        0x0 /home/sekwon/strata_sekwon/shim/glibc-build-all/elf/rtld-libc.a(rtld-sigaction.os)
 .text.unlikely
                0x0000000000000255        0x0 /home/sekwon/strata_sekwon/shim/glibc-build-all/elf/rtld-libc.a(rtld-memcmp.os)
 .text.unlikely
                0x0000000000000255        0x0 /home/sekwon/strata_sekwon/shim/glibc-build-all/elf/rtld-libc.a(rtld-memmove.os)
 .text.unlikely
                0x0000000000000255        0x0 /home/sekwon/strata_sekwon/shim/glibc-build-all/elf/rtld-libc.a(rtld-wordcopy.os)

.fini
 *(SORT(.fini))

.rodata         0x0000000000000000      0xb90
 *(.rodata)
 .rodata        0x0000000000000000      0xb50 /home/sekwon/strata_sekwon/shim/glibc-build-all/elf/dl-allobjs.os
                0x0000000000000b40                __GI__itoa_lower_digits
                0x0000000000000b40                _itoa_lower_digits
 .rodata        0x0000000000000b50       0x40 /home/sekwon/strata_sekwon/shim/glibc-build-all/elf/rtld-libc.a(rtld-wordcopy.os)

.rodata.str1.1  0x0000000000000000      0xf5e
 .rodata.str1.1
                0x0000000000000000      0xf4a /home/sekwon/strata_sekwon/shim/glibc-build-all/elf/dl-allobjs.os
 .rodata.str1.1
                0x0000000000000f4a       0x14 /home/sekwon/strata_sekwon/shim/glibc-build-all/elf/rtld-libc.a(rtld-check_fds.os)

.rodata.str1.8  0x0000000000000000     0x26f4
 .rodata.str1.8
                0x0000000000000000     0x26f4 /home/sekwon/strata_sekwon/shim/glibc-build-all/elf/dl-allobjs.os

.rodata.str1.16
                0x0000000000000000      0x373
 .rodata.str1.16
                0x0000000000000000      0x373 /home/sekwon/strata_sekwon/shim/glibc-build-all/elf/dl-allobjs.os

.rodata.cst16   0x0000000000000000       0x20
 .rodata.cst16  0x0000000000000000       0x20 /home/sekwon/strata_sekwon/shim/glibc-build-all/elf/dl-allobjs.os

.rodata.cst4    0x0000000000000000        0x4
 .rodata.cst4   0x0000000000000000        0x4 /home/sekwon/strata_sekwon/shim/glibc-build-all/elf/dl-allobjs.os

.rodata.str1.32
                0x0000000000000000      0x161
 .rodata.str1.32
                0x0000000000000000      0x161 /home/sekwon/strata_sekwon/shim/glibc-build-all/elf/dl-allobjs.os

.rodata1
 *(.rodata1)

.eh_frame_hdr
 *(.eh_frame_hdr)

.eh_frame       0x0000000000000000     0x2c40
 *(.eh_frame)
 .eh_frame      0x0000000000000000     0x2168 /home/sekwon/strata_sekwon/shim/glibc-build-all/elf/dl-allobjs.os
 .eh_frame      0x0000000000002168       0x68 /home/sekwon/strata_sekwon/shim/glibc-build-all/elf/rtld-libc.a(rtld-check_fds.os)
 .eh_frame      0x00000000000021d0       0x38 /home/sekwon/strata_sekwon/shim/glibc-build-all/elf/rtld-libc.a(rtld-closedir.os)
 .eh_frame      0x0000000000002208       0x48 /home/sekwon/strata_sekwon/shim/glibc-build-all/elf/rtld-libc.a(rtld-readdir.os)
 .eh_frame      0x0000000000002250       0x38 /home/sekwon/strata_sekwon/shim/glibc-build-all/elf/rtld-libc.a(rtld-rewinddir.os)
 .eh_frame      0x0000000000002288       0x68 /home/sekwon/strata_sekwon/shim/glibc-build-all/elf/rtld-libc.a(rtld-getdents.os)
 .eh_frame      0x00000000000022f0       0x50 /home/sekwon/strata_sekwon/shim/glibc-build-all/elf/rtld-libc.a(rtld-fdopendir.os)
 .eh_frame      0x0000000000002340       0x50 /home/sekwon/strata_sekwon/shim/glibc-build-all/elf/rtld-libc.a(rtld-profil.os)
                                         0x48 (size before relaxing)
 .eh_frame      0x0000000000002390       0x30 /home/sekwon/strata_sekwon/shim/glibc-build-all/elf/rtld-libc.a(rtld-prof-freq.os)
 .eh_frame      0x00000000000023c0       0x40 /home/sekwon/strata_sekwon/shim/glibc-build-all/elf/rtld-libc.a(rtld-xstat.os)
 .eh_frame      0x0000000000002400       0x40 /home/sekwon/strata_sekwon/shim/glibc-build-all/elf/rtld-libc.a(rtld-fxstat.os)
 .eh_frame      0x0000000000002440       0x40 /home/sekwon/strata_sekwon/shim/glibc-build-all/elf/rtld-libc.a(rtld-lxstat.os)
 .eh_frame      0x0000000000002480       0x30 /home/sekwon/strata_sekwon/shim/glibc-build-all/elf/rtld-libc.a(rtld-open.os)
 .eh_frame      0x00000000000024b0       0x30 /home/sekwon/strata_sekwon/shim/glibc-build-all/elf/rtld-libc.a(rtld-read.os)
 .eh_frame      0x00000000000024e0       0x30 /home/sekwon/strata_sekwon/shim/glibc-build-all/elf/rtld-libc.a(rtld-write.os)
 .eh_frame      0x0000000000002510       0x30 /home/sekwon/strata_sekwon/shim/glibc-build-all/elf/rtld-libc.a(rtld-access.os)
 .eh_frame      0x0000000000002540       0x48 /home/sekwon/strata_sekwon/shim/glibc-build-all/elf/rtld-libc.a(rtld-fcntl.os)
 .eh_frame      0x0000000000002588       0x30 /home/sekwon/strata_sekwon/shim/glibc-build-all/elf/rtld-libc.a(rtld-close.os)
 .eh_frame      0x00000000000025b8       0x30 /home/sekwon/strata_sekwon/shim/glibc-build-all/elf/rtld-libc.a(rtld-mmap.os)
 .eh_frame      0x00000000000025e8       0x30 /home/sekwon/strata_sekwon/shim/glibc-build-all/elf/rtld-libc.a(rtld-munmap.os)
 .eh_frame      0x0000000000002618       0x30 /home/sekwon/strata_sekwon/shim/glibc-build-all/elf/rtld-libc.a(rtld-mprotect.os)
 .eh_frame      0x0000000000002648       0x30 /home/sekwon/strata_sekwon/shim/glibc-build-all/elf/rtld-libc.a(rtld-llseek.os)
 .eh_frame      0x0000000000002678       0x30 /home/sekwon/strata_sekwon/shim/glibc-build-all/elf/rtld-libc.a(rtld-uname.os)
 .eh_frame      0x00000000000026a8       0x30 /home/sekwon/strata_sekwon/shim/glibc-build-all/elf/rtld-libc.a(rtld-_exit.os)
 .eh_frame      0x00000000000026d8       0x38 /home/sekwon/strata_sekwon/shim/glibc-build-all/elf/rtld-libc.a(rtld-getpid.os)
 .eh_frame      0x0000000000002710       0x30 /home/sekwon/strata_sekwon/shim/glibc-build-all/elf/rtld-libc.a(rtld-setjmp.os)
 .eh_frame      0x0000000000002740       0x48 /home/sekwon/strata_sekwon/shim/glibc-build-all/elf/rtld-libc.a(rtld-__longjmp.os)
 .eh_frame      0x0000000000002788       0xf8 /home/sekwon/strata_sekwon/shim/glibc-build-all/elf/rtld-libc.a(rtld-sigaction.os)
 .eh_frame      0x0000000000002880       0x30 /home/sekwon/strata_sekwon/shim/glibc-build-all/elf/rtld-libc.a(rtld-strchr.os)
 .eh_frame      0x00000000000028b0       0x30 /home/sekwon/strata_sekwon/shim/glibc-build-all/elf/rtld-libc.a(rtld-strcmp.os)
 .eh_frame      0x00000000000028e0       0x30 /home/sekwon/strata_sekwon/shim/glibc-build-all/elf/rtld-libc.a(rtld-strcpy.os)
 .eh_frame      0x0000000000002910       0x30 /home/sekwon/strata_sekwon/shim/glibc-build-all/elf/rtld-libc.a(rtld-strlen.os)
 .eh_frame      0x0000000000002940       0x30 /home/sekwon/strata_sekwon/shim/glibc-build-all/elf/rtld-libc.a(rtld-strnlen.os)
 .eh_frame      0x0000000000002970       0x30 /home/sekwon/strata_sekwon/shim/glibc-build-all/elf/rtld-libc.a(rtld-memchr.os)
 .eh_frame      0x00000000000029a0       0x80 /home/sekwon/strata_sekwon/shim/glibc-build-all/elf/rtld-libc.a(rtld-memcmp.os)
 .eh_frame      0x0000000000002a20       0x68 /home/sekwon/strata_sekwon/shim/glibc-build-all/elf/rtld-libc.a(rtld-memmove.os)
 .eh_frame      0x0000000000002a88       0x30 /home/sekwon/strata_sekwon/shim/glibc-build-all/elf/rtld-libc.a(rtld-memset.os)
 .eh_frame      0x0000000000002ab8       0x30 /home/sekwon/strata_sekwon/shim/glibc-build-all/elf/rtld-libc.a(rtld-mempcpy.os)
 .eh_frame      0x0000000000002ae8       0x30 /home/sekwon/strata_sekwon/shim/glibc-build-all/elf/rtld-libc.a(rtld-stpcpy.os)
 .eh_frame      0x0000000000002b18       0x30 /home/sekwon/strata_sekwon/shim/glibc-build-all/elf/rtld-libc.a(rtld-memcpy.os)
 .eh_frame      0x0000000000002b48       0x98 /home/sekwon/strata_sekwon/shim/glibc-build-all/elf/rtld-libc.a(rtld-wordcopy.os)
                                         0x90 (size before relaxing)
 .eh_frame      0x0000000000002be0       0x30 /home/sekwon/strata_sekwon/shim/glibc-build-all/elf/rtld-libc.a(rtld-rawmemchr.os)
 .eh_frame      0x0000000000002c10       0x30 /home/sekwon/strata_sekwon/shim/glibc-build-all/elf/rtld-libc.a(rtld-setitimer.os)

.gcc_except_table
 *(.gcc_except_table .gcc_except_table.*)

.gnu_extab
 *(.gnu_extab*)

.exception_ranges
 *(.exception_ranges .exception_ranges*)

.eh_frame
 *(.eh_frame)

.gnu_extab
 *(.gnu_extab)

.gcc_except_table
 *(.gcc_except_table .gcc_except_table.*)

.exception_ranges
 *(.exception_ranges .exception_ranges*)

.tdata
 *(.tdata)

.tbss
 *(.tbss)

.preinit_array
 *(.preinit_array)

.jcr
 *(.jcr)

.dynamic
 *(.dynamic)

.got
 *(.got)
 *(.igot)

.got.plt
 *(.got.plt)
 *(.igot.plt)

.data           0x0000000000000000      0xf84
 *(.data)
 .data          0x0000000000000000      0xf84 /home/sekwon/strata_sekwon/shim/glibc-build-all/elf/dl-allobjs.os
                0x0000000000000000                _rtld_global
                0x0000000000000000                _rtld_local
 .data          0x0000000000000f84        0x0 /home/sekwon/strata_sekwon/shim/glibc-build-all/elf/rtld-libc.a(rtld-check_fds.os)
 .data          0x0000000000000f84        0x0 /home/sekwon/strata_sekwon/shim/glibc-build-all/elf/rtld-libc.a(rtld-errno.os)
 .data          0x0000000000000f84        0x0 /home/sekwon/strata_sekwon/shim/glibc-build-all/elf/rtld-libc.a(rtld-closedir.os)
 .data          0x0000000000000f84        0x0 /home/sekwon/strata_sekwon/shim/glibc-build-all/elf/rtld-libc.a(rtld-readdir.os)
 .data          0x0000000000000f84        0x0 /home/sekwon/strata_sekwon/shim/glibc-build-all/elf/rtld-libc.a(rtld-rewinddir.os)
 .data          0x0000000000000f84        0x0 /home/sekwon/strata_sekwon/shim/glibc-build-all/elf/rtld-libc.a(rtld-getdents.os)
 .data          0x0000000000000f84        0x0 /home/sekwon/strata_sekwon/shim/glibc-build-all/elf/rtld-libc.a(rtld-fdopendir.os)
 .data          0x0000000000000f84        0x0 /home/sekwon/strata_sekwon/shim/glibc-build-all/elf/rtld-libc.a(rtld-profil.os)
 .data          0x0000000000000f84        0x0 /home/sekwon/strata_sekwon/shim/glibc-build-all/elf/rtld-libc.a(rtld-prof-freq.os)
 .data          0x0000000000000f84        0x0 /home/sekwon/strata_sekwon/shim/glibc-build-all/elf/rtld-libc.a(rtld-xstat.os)
 .data          0x0000000000000f84        0x0 /home/sekwon/strata_sekwon/shim/glibc-build-all/elf/rtld-libc.a(rtld-fxstat.os)
 .data          0x0000000000000f84        0x0 /home/sekwon/strata_sekwon/shim/glibc-build-all/elf/rtld-libc.a(rtld-lxstat.os)
 .data          0x0000000000000f84        0x0 /home/sekwon/strata_sekwon/shim/glibc-build-all/elf/rtld-libc.a(rtld-open.os)
 .data          0x0000000000000f84        0x0 /home/sekwon/strata_sekwon/shim/glibc-build-all/elf/rtld-libc.a(rtld-read.os)
 .data          0x0000000000000f84        0x0 /home/sekwon/strata_sekwon/shim/glibc-build-all/elf/rtld-libc.a(rtld-write.os)
 .data          0x0000000000000f84        0x0 /home/sekwon/strata_sekwon/shim/glibc-build-all/elf/rtld-libc.a(rtld-access.os)
 .data          0x0000000000000f84        0x0 /home/sekwon/strata_sekwon/shim/glibc-build-all/elf/rtld-libc.a(rtld-fcntl.os)
 .data          0x0000000000000f84        0x0 /home/sekwon/strata_sekwon/shim/glibc-build-all/elf/rtld-libc.a(rtld-close.os)
 .data          0x0000000000000f84        0x0 /home/sekwon/strata_sekwon/shim/glibc-build-all/elf/rtld-libc.a(rtld-mmap.os)
 .data          0x0000000000000f84        0x0 /home/sekwon/strata_sekwon/shim/glibc-build-all/elf/rtld-libc.a(rtld-munmap.os)
 .data          0x0000000000000f84        0x0 /home/sekwon/strata_sekwon/shim/glibc-build-all/elf/rtld-libc.a(rtld-mprotect.os)
 .data          0x0000000000000f84        0x0 /home/sekwon/strata_sekwon/shim/glibc-build-all/elf/rtld-libc.a(rtld-llseek.os)
 .data          0x0000000000000f84        0x0 /home/sekwon/strata_sekwon/shim/glibc-build-all/elf/rtld-libc.a(rtld-uname.os)
 .data          0x0000000000000f84        0x0 /home/sekwon/strata_sekwon/shim/glibc-build-all/elf/rtld-libc.a(rtld-_exit.os)
 .data          0x0000000000000f84        0x0 /home/sekwon/strata_sekwon/shim/glibc-build-all/elf/rtld-libc.a(rtld-getpid.os)
 .data          0x0000000000000f84        0x0 /home/sekwon/strata_sekwon/shim/glibc-build-all/elf/rtld-libc.a(rtld-environ.os)
 .data          0x0000000000000f84        0x0 /home/sekwon/strata_sekwon/shim/glibc-build-all/elf/rtld-libc.a(rtld-setjmp.os)
 .data          0x0000000000000f84        0x0 /home/sekwon/strata_sekwon/shim/glibc-build-all/elf/rtld-libc.a(rtld-__longjmp.os)
 .data          0x0000000000000f84        0x0 /home/sekwon/strata_sekwon/shim/glibc-build-all/elf/rtld-libc.a(rtld-sigaction.os)
 .data          0x0000000000000f84        0x0 /home/sekwon/strata_sekwon/shim/glibc-build-all/elf/rtld-libc.a(rtld-strchr.os)
 .data          0x0000000000000f84        0x0 /home/sekwon/strata_sekwon/shim/glibc-build-all/elf/rtld-libc.a(rtld-strcmp.os)
 .data          0x0000000000000f84        0x0 /home/sekwon/strata_sekwon/shim/glibc-build-all/elf/rtld-libc.a(rtld-strcpy.os)
 .data          0x0000000000000f84        0x0 /home/sekwon/strata_sekwon/shim/glibc-build-all/elf/rtld-libc.a(rtld-strlen.os)
 .data          0x0000000000000f84        0x0 /home/sekwon/strata_sekwon/shim/glibc-build-all/elf/rtld-libc.a(rtld-strnlen.os)
 .data          0x0000000000000f84        0x0 /home/sekwon/strata_sekwon/shim/glibc-build-all/elf/rtld-libc.a(rtld-memchr.os)
 .data          0x0000000000000f84        0x0 /home/sekwon/strata_sekwon/shim/glibc-build-all/elf/rtld-libc.a(rtld-memcmp.os)
 .data          0x0000000000000f84        0x0 /home/sekwon/strata_sekwon/shim/glibc-build-all/elf/rtld-libc.a(rtld-memmove.os)
 .data          0x0000000000000f84        0x0 /home/sekwon/strata_sekwon/shim/glibc-build-all/elf/rtld-libc.a(rtld-memset.os)
 .data          0x0000000000000f84        0x0 /home/sekwon/strata_sekwon/shim/glibc-build-all/elf/rtld-libc.a(rtld-mempcpy.os)
 .data          0x0000000000000f84        0x0 /home/sekwon/strata_sekwon/shim/glibc-build-all/elf/rtld-libc.a(rtld-stpcpy.os)
 .data          0x0000000000000f84        0x0 /home/sekwon/strata_sekwon/shim/glibc-build-all/elf/rtld-libc.a(rtld-memcpy.os)
 .data          0x0000000000000f84        0x0 /home/sekwon/strata_sekwon/shim/glibc-build-all/elf/rtld-libc.a(rtld-wordcopy.os)
 .data          0x0000000000000f84        0x0 /home/sekwon/strata_sekwon/shim/glibc-build-all/elf/rtld-libc.a(rtld-rawmemchr.os)
 .data          0x0000000000000f84        0x0 /home/sekwon/strata_sekwon/shim/glibc-build-all/elf/rtld-libc.a(rtld-setitimer.os)

.data.rel.ro    0x0000000000000000      0x26c
 .data.rel.ro   0x0000000000000000      0x26c /home/sekwon/strata_sekwon/shim/glibc-build-all/elf/dl-allobjs.os
                0x00000000000000b0                __pointer_chk_guard_local
                0x00000000000000b8                _dl_skip_args
                0x00000000000000c0                _dl_argv_internal
                0x00000000000000c0                _dl_argv
                0x00000000000000c8                _dl_argc
                0x00000000000000e0                _rtld_global_ro
                0x00000000000000e0                _rtld_local_ro
                0x0000000000000250                __stack_prot
                0x0000000000000258                _dl_random
                0x0000000000000260                __libc_stack_end
                0x0000000000000260                __GI___libc_stack_end
                0x0000000000000268                __libc_enable_secure_internal
                0x0000000000000268                __libc_enable_secure

.data1
 *(.data1)

.bss            0x0000000000000000      0x158
 *(.dynbss)
 *(.bss)
 .bss           0x0000000000000000      0x124 /home/sekwon/strata_sekwon/shim/glibc-build-all/elf/dl-allobjs.os
                0x00000000000000f8                __libc_multiple_libcs
                0x0000000000000118                __curbrk
 .bss           0x0000000000000124        0x0 /home/sekwon/strata_sekwon/shim/glibc-build-all/elf/rtld-libc.a(rtld-check_fds.os)
 .bss           0x0000000000000124        0x0 /home/sekwon/strata_sekwon/shim/glibc-build-all/elf/rtld-libc.a(rtld-errno.os)
 .bss           0x0000000000000124        0x0 /home/sekwon/strata_sekwon/shim/glibc-build-all/elf/rtld-libc.a(rtld-closedir.os)
 .bss           0x0000000000000124        0x0 /home/sekwon/strata_sekwon/shim/glibc-build-all/elf/rtld-libc.a(rtld-readdir.os)
 .bss           0x0000000000000124        0x0 /home/sekwon/strata_sekwon/shim/glibc-build-all/elf/rtld-libc.a(rtld-rewinddir.os)
 .bss           0x0000000000000124        0x0 /home/sekwon/strata_sekwon/shim/glibc-build-all/elf/rtld-libc.a(rtld-getdents.os)
 .bss           0x0000000000000124        0x0 /home/sekwon/strata_sekwon/shim/glibc-build-all/elf/rtld-libc.a(rtld-fdopendir.os)
 *fill*         0x0000000000000124        0x4 
 .bss           0x0000000000000128       0x20 /home/sekwon/strata_sekwon/shim/glibc-build-all/elf/rtld-libc.a(rtld-profil.os)
 .bss           0x0000000000000148        0x0 /home/sekwon/strata_sekwon/shim/glibc-build-all/elf/rtld-libc.a(rtld-prof-freq.os)
 .bss           0x0000000000000148        0x0 /home/sekwon/strata_sekwon/shim/glibc-build-all/elf/rtld-libc.a(rtld-xstat.os)
 .bss           0x0000000000000148        0x0 /home/sekwon/strata_sekwon/shim/glibc-build-all/elf/rtld-libc.a(rtld-fxstat.os)
 .bss           0x0000000000000148        0x0 /home/sekwon/strata_sekwon/shim/glibc-build-all/elf/rtld-libc.a(rtld-lxstat.os)
 .bss           0x0000000000000148        0x0 /home/sekwon/strata_sekwon/shim/glibc-build-all/elf/rtld-libc.a(rtld-open.os)
 .bss           0x0000000000000148        0x0 /home/sekwon/strata_sekwon/shim/glibc-build-all/elf/rtld-libc.a(rtld-read.os)
 .bss           0x0000000000000148        0x0 /home/sekwon/strata_sekwon/shim/glibc-build-all/elf/rtld-libc.a(rtld-write.os)
 .bss           0x0000000000000148        0x0 /home/sekwon/strata_sekwon/shim/glibc-build-all/elf/rtld-libc.a(rtld-access.os)
 .bss           0x0000000000000148        0x4 /home/sekwon/strata_sekwon/shim/glibc-build-all/elf/rtld-libc.a(rtld-fcntl.os)
 .bss           0x000000000000014c        0x0 /home/sekwon/strata_sekwon/shim/glibc-build-all/elf/rtld-libc.a(rtld-close.os)
 .bss           0x000000000000014c        0x0 /home/sekwon/strata_sekwon/shim/glibc-build-all/elf/rtld-libc.a(rtld-mmap.os)
 .bss           0x000000000000014c        0x0 /home/sekwon/strata_sekwon/shim/glibc-build-all/elf/rtld-libc.a(rtld-munmap.os)
 .bss           0x000000000000014c        0x0 /home/sekwon/strata_sekwon/shim/glibc-build-all/elf/rtld-libc.a(rtld-mprotect.os)
 .bss           0x000000000000014c        0x0 /home/sekwon/strata_sekwon/shim/glibc-build-all/elf/rtld-libc.a(rtld-llseek.os)
 .bss           0x000000000000014c        0x0 /home/sekwon/strata_sekwon/shim/glibc-build-all/elf/rtld-libc.a(rtld-uname.os)
 .bss           0x000000000000014c        0x0 /home/sekwon/strata_sekwon/shim/glibc-build-all/elf/rtld-libc.a(rtld-_exit.os)
 .bss           0x000000000000014c        0x0 /home/sekwon/strata_sekwon/shim/glibc-build-all/elf/rtld-libc.a(rtld-getpid.os)
 *fill*         0x000000000000014c        0x4 
 .bss           0x0000000000000150        0x8 /home/sekwon/strata_sekwon/shim/glibc-build-all/elf/rtld-libc.a(rtld-environ.os)
                0x0000000000000150                _environ
                0x0000000000000150                __environ
                0x0000000000000150                environ
 .bss           0x0000000000000158        0x0 /home/sekwon/strata_sekwon/shim/glibc-build-all/elf/rtld-libc.a(rtld-setjmp.os)
 .bss           0x0000000000000158        0x0 /home/sekwon/strata_sekwon/shim/glibc-build-all/elf/rtld-libc.a(rtld-__longjmp.os)
 .bss           0x0000000000000158        0x0 /home/sekwon/strata_sekwon/shim/glibc-build-all/elf/rtld-libc.a(rtld-sigaction.os)
 .bss           0x0000000000000158        0x0 /home/sekwon/strata_sekwon/shim/glibc-build-all/elf/rtld-libc.a(rtld-strchr.os)
 .bss           0x0000000000000158        0x0 /home/sekwon/strata_sekwon/shim/glibc-build-all/elf/rtld-libc.a(rtld-strcmp.os)
 .bss           0x0000000000000158        0x0 /home/sekwon/strata_sekwon/shim/glibc-build-all/elf/rtld-libc.a(rtld-strcpy.os)
 .bss           0x0000000000000158        0x0 /home/sekwon/strata_sekwon/shim/glibc-build-all/elf/rtld-libc.a(rtld-strlen.os)
 .bss           0x0000000000000158        0x0 /home/sekwon/strata_sekwon/shim/glibc-build-all/elf/rtld-libc.a(rtld-strnlen.os)
 .bss           0x0000000000000158        0x0 /home/sekwon/strata_sekwon/shim/glibc-build-all/elf/rtld-libc.a(rtld-memchr.os)
 .bss           0x0000000000000158        0x0 /home/sekwon/strata_sekwon/shim/glibc-build-all/elf/rtld-libc.a(rtld-memcmp.os)
 .bss           0x0000000000000158        0x0 /home/sekwon/strata_sekwon/shim/glibc-build-all/elf/rtld-libc.a(rtld-memmove.os)
 .bss           0x0000000000000158        0x0 /home/sekwon/strata_sekwon/shim/glibc-build-all/elf/rtld-libc.a(rtld-memset.os)
 .bss           0x0000000000000158        0x0 /home/sekwon/strata_sekwon/shim/glibc-build-all/elf/rtld-libc.a(rtld-mempcpy.os)
 .bss           0x0000000000000158        0x0 /home/sekwon/strata_sekwon/shim/glibc-build-all/elf/rtld-libc.a(rtld-stpcpy.os)
 .bss           0x0000000000000158        0x0 /home/sekwon/strata_sekwon/shim/glibc-build-all/elf/rtld-libc.a(rtld-memcpy.os)
 .bss           0x0000000000000158        0x0 /home/sekwon/strata_sekwon/shim/glibc-build-all/elf/rtld-libc.a(rtld-wordcopy.os)
 .bss           0x0000000000000158        0x0 /home/sekwon/strata_sekwon/shim/glibc-build-all/elf/rtld-libc.a(rtld-rawmemchr.os)
 .bss           0x0000000000000158        0x0 /home/sekwon/strata_sekwon/shim/glibc-build-all/elf/rtld-libc.a(rtld-setitimer.os)
 *(COMMON)
 COMMON         0x0000000000000158        0x0 /home/sekwon/strata_sekwon/shim/glibc-build-all/elf/dl-allobjs.os
 COMMON         0x0000000000000158        0x0 /home/sekwon/strata_sekwon/shim/glibc-build-all/elf/rtld-libc.a(rtld-errno.os)

.lbss
 *(.dynlbss)
 *(.lbss)
 *(LARGE_COMMON)

.lrodata
 *(.lrodata)

.ldata
 *(.ldata)

.stab
 *(.stab)

.stabstr
 *(.stabstr)

.stab.excl
 *(.stab.excl)

.stab.exclstr
 *(.stab.exclstr)

.stab.index
 *(.stab.index)

.stab.indexstr
 *(.stab.indexstr)

.comment        0x0000000000000000      0xb2c
 *(.comment)
 .comment       0x0000000000000000      0x71c /home/sekwon/strata_sekwon/shim/glibc-build-all/elf/dl-allobjs.os
 .comment       0x000000000000071c       0x34 /home/sekwon/strata_sekwon/shim/glibc-build-all/elf/rtld-libc.a(rtld-check_fds.os)
 .comment       0x0000000000000750       0x34 /home/sekwon/strata_sekwon/shim/glibc-build-all/elf/rtld-libc.a(rtld-errno.os)
 .comment       0x0000000000000784       0x34 /home/sekwon/strata_sekwon/shim/glibc-build-all/elf/rtld-libc.a(rtld-closedir.os)
 .comment       0x00000000000007b8       0x34 /home/sekwon/strata_sekwon/shim/glibc-build-all/elf/rtld-libc.a(rtld-readdir.os)
 .comment       0x00000000000007ec       0x34 /home/sekwon/strata_sekwon/shim/glibc-build-all/elf/rtld-libc.a(rtld-rewinddir.os)
 .comment       0x0000000000000820       0x34 /home/sekwon/strata_sekwon/shim/glibc-build-all/elf/rtld-libc.a(rtld-getdents.os)
 .comment       0x0000000000000854       0x34 /home/sekwon/strata_sekwon/shim/glibc-build-all/elf/rtld-libc.a(rtld-fdopendir.os)
 .comment       0x0000000000000888       0x34 /home/sekwon/strata_sekwon/shim/glibc-build-all/elf/rtld-libc.a(rtld-profil.os)
 .comment       0x00000000000008bc       0x34 /home/sekwon/strata_sekwon/shim/glibc-build-all/elf/rtld-libc.a(rtld-prof-freq.os)
 .comment       0x00000000000008f0       0x34 /home/sekwon/strata_sekwon/shim/glibc-build-all/elf/rtld-libc.a(rtld-xstat.os)
 .comment       0x0000000000000924       0x34 /home/sekwon/strata_sekwon/shim/glibc-build-all/elf/rtld-libc.a(rtld-fxstat.os)
 .comment       0x0000000000000958       0x34 /home/sekwon/strata_sekwon/shim/glibc-build-all/elf/rtld-libc.a(rtld-lxstat.os)
 .comment       0x000000000000098c       0x34 /home/sekwon/strata_sekwon/shim/glibc-build-all/elf/rtld-libc.a(rtld-fcntl.os)
 .comment       0x00000000000009c0       0x34 /home/sekwon/strata_sekwon/shim/glibc-build-all/elf/rtld-libc.a(rtld-_exit.os)
 .comment       0x00000000000009f4       0x34 /home/sekwon/strata_sekwon/shim/glibc-build-all/elf/rtld-libc.a(rtld-getpid.os)
 .comment       0x0000000000000a28       0x34 /home/sekwon/strata_sekwon/shim/glibc-build-all/elf/rtld-libc.a(rtld-environ.os)
 .comment       0x0000000000000a5c       0x34 /home/sekwon/strata_sekwon/shim/glibc-build-all/elf/rtld-libc.a(rtld-sigaction.os)
 .comment       0x0000000000000a90       0x34 /home/sekwon/strata_sekwon/shim/glibc-build-all/elf/rtld-libc.a(rtld-memcmp.os)
 .comment       0x0000000000000ac4       0x34 /home/sekwon/strata_sekwon/shim/glibc-build-all/elf/rtld-libc.a(rtld-memmove.os)
 .comment       0x0000000000000af8       0x34 /home/sekwon/strata_sekwon/shim/glibc-build-all/elf/rtld-libc.a(rtld-wordcopy.os)

.note.GNU-stack
                0x0000000000000000        0x0
 .note.GNU-stack
                0x0000000000000000        0x0 /home/sekwon/strata_sekwon/shim/glibc-build-all/elf/dl-allobjs.os
 .note.GNU-stack
                0x0000000000000000        0x0 /home/sekwon/strata_sekwon/shim/glibc-build-all/elf/rtld-libc.a(rtld-check_fds.os)
 .note.GNU-stack
                0x0000000000000000        0x0 /home/sekwon/strata_sekwon/shim/glibc-build-all/elf/rtld-libc.a(rtld-errno.os)
 .note.GNU-stack
                0x0000000000000000        0x0 /home/sekwon/strata_sekwon/shim/glibc-build-all/elf/rtld-libc.a(rtld-closedir.os)
 .note.GNU-stack
                0x0000000000000000        0x0 /home/sekwon/strata_sekwon/shim/glibc-build-all/elf/rtld-libc.a(rtld-readdir.os)
 .note.GNU-stack
                0x0000000000000000        0x0 /home/sekwon/strata_sekwon/shim/glibc-build-all/elf/rtld-libc.a(rtld-rewinddir.os)
 .note.GNU-stack
                0x0000000000000000        0x0 /home/sekwon/strata_sekwon/shim/glibc-build-all/elf/rtld-libc.a(rtld-getdents.os)
 .note.GNU-stack
                0x0000000000000000        0x0 /home/sekwon/strata_sekwon/shim/glibc-build-all/elf/rtld-libc.a(rtld-fdopendir.os)
 .note.GNU-stack
                0x0000000000000000        0x0 /home/sekwon/strata_sekwon/shim/glibc-build-all/elf/rtld-libc.a(rtld-profil.os)
 .note.GNU-stack
                0x0000000000000000        0x0 /home/sekwon/strata_sekwon/shim/glibc-build-all/elf/rtld-libc.a(rtld-prof-freq.os)
 .note.GNU-stack
                0x0000000000000000        0x0 /home/sekwon/strata_sekwon/shim/glibc-build-all/elf/rtld-libc.a(rtld-xstat.os)
 .note.GNU-stack
                0x0000000000000000        0x0 /home/sekwon/strata_sekwon/shim/glibc-build-all/elf/rtld-libc.a(rtld-fxstat.os)
 .note.GNU-stack
                0x0000000000000000        0x0 /home/sekwon/strata_sekwon/shim/glibc-build-all/elf/rtld-libc.a(rtld-lxstat.os)
 .note.GNU-stack
                0x0000000000000000        0x0 /home/sekwon/strata_sekwon/shim/glibc-build-all/elf/rtld-libc.a(rtld-open.os)
 .note.GNU-stack
                0x0000000000000000        0x0 /home/sekwon/strata_sekwon/shim/glibc-build-all/elf/rtld-libc.a(rtld-read.os)
 .note.GNU-stack
                0x0000000000000000        0x0 /home/sekwon/strata_sekwon/shim/glibc-build-all/elf/rtld-libc.a(rtld-write.os)
 .note.GNU-stack
                0x0000000000000000        0x0 /home/sekwon/strata_sekwon/shim/glibc-build-all/elf/rtld-libc.a(rtld-access.os)
 .note.GNU-stack
                0x0000000000000000        0x0 /home/sekwon/strata_sekwon/shim/glibc-build-all/elf/rtld-libc.a(rtld-fcntl.os)
 .note.GNU-stack
                0x0000000000000000        0x0 /home/sekwon/strata_sekwon/shim/glibc-build-all/elf/rtld-libc.a(rtld-close.os)
 .note.GNU-stack
                0x0000000000000000        0x0 /home/sekwon/strata_sekwon/shim/glibc-build-all/elf/rtld-libc.a(rtld-mmap.os)
 .note.GNU-stack
                0x0000000000000000        0x0 /home/sekwon/strata_sekwon/shim/glibc-build-all/elf/rtld-libc.a(rtld-munmap.os)
 .note.GNU-stack
                0x0000000000000000        0x0 /home/sekwon/strata_sekwon/shim/glibc-build-all/elf/rtld-libc.a(rtld-mprotect.os)
 .note.GNU-stack
                0x0000000000000000        0x0 /home/sekwon/strata_sekwon/shim/glibc-build-all/elf/rtld-libc.a(rtld-llseek.os)
 .note.GNU-stack
                0x0000000000000000        0x0 /home/sekwon/strata_sekwon/shim/glibc-build-all/elf/rtld-libc.a(rtld-uname.os)
 .note.GNU-stack
                0x0000000000000000        0x0 /home/sekwon/strata_sekwon/shim/glibc-build-all/elf/rtld-libc.a(rtld-_exit.os)
 .note.GNU-stack
                0x0000000000000000        0x0 /home/sekwon/strata_sekwon/shim/glibc-build-all/elf/rtld-libc.a(rtld-getpid.os)
 .note.GNU-stack
                0x0000000000000000        0x0 /home/sekwon/strata_sekwon/shim/glibc-build-all/elf/rtld-libc.a(rtld-environ.os)
 .note.GNU-stack
                0x0000000000000000        0x0 /home/sekwon/strata_sekwon/shim/glibc-build-all/elf/rtld-libc.a(rtld-setjmp.os)
 .note.GNU-stack
                0x0000000000000000        0x0 /home/sekwon/strata_sekwon/shim/glibc-build-all/elf/rtld-libc.a(rtld-__longjmp.os)
 .note.GNU-stack
                0x0000000000000000        0x0 /home/sekwon/strata_sekwon/shim/glibc-build-all/elf/rtld-libc.a(rtld-sigaction.os)
 .note.GNU-stack
                0x0000000000000000        0x0 /home/sekwon/strata_sekwon/shim/glibc-build-all/elf/rtld-libc.a(rtld-strchr.os)
 .note.GNU-stack
                0x0000000000000000        0x0 /home/sekwon/strata_sekwon/shim/glibc-build-all/elf/rtld-libc.a(rtld-strcmp.os)
 .note.GNU-stack
                0x0000000000000000        0x0 /home/sekwon/strata_sekwon/shim/glibc-build-all/elf/rtld-libc.a(rtld-strcpy.os)
 .note.GNU-stack
                0x0000000000000000        0x0 /home/sekwon/strata_sekwon/shim/glibc-build-all/elf/rtld-libc.a(rtld-strlen.os)
 .note.GNU-stack
                0x0000000000000000        0x0 /home/sekwon/strata_sekwon/shim/glibc-build-all/elf/rtld-libc.a(rtld-strnlen.os)
 .note.GNU-stack
                0x0000000000000000        0x0 /home/sekwon/strata_sekwon/shim/glibc-build-all/elf/rtld-libc.a(rtld-memchr.os)
 .note.GNU-stack
                0x0000000000000000        0x0 /home/sekwon/strata_sekwon/shim/glibc-build-all/elf/rtld-libc.a(rtld-memcmp.os)
 .note.GNU-stack
                0x0000000000000000        0x0 /home/sekwon/strata_sekwon/shim/glibc-build-all/elf/rtld-libc.a(rtld-memmove.os)
 .note.GNU-stack
                0x0000000000000000        0x0 /home/sekwon/strata_sekwon/shim/glibc-build-all/elf/rtld-libc.a(rtld-memset.os)
 .note.GNU-stack
                0x0000000000000000        0x0 /home/sekwon/strata_sekwon/shim/glibc-build-all/elf/rtld-libc.a(rtld-mempcpy.os)
 .note.GNU-stack
                0x0000000000000000        0x0 /home/sekwon/strata_sekwon/shim/glibc-build-all/elf/rtld-libc.a(rtld-stpcpy.os)
 .note.GNU-stack
                0x0000000000000000        0x0 /home/sekwon/strata_sekwon/shim/glibc-build-all/elf/rtld-libc.a(rtld-memcpy.os)
 .note.GNU-stack
                0x0000000000000000        0x0 /home/sekwon/strata_sekwon/shim/glibc-build-all/elf/rtld-libc.a(rtld-wordcopy.os)
 .note.GNU-stack
                0x0000000000000000        0x0 /home/sekwon/strata_sekwon/shim/glibc-build-all/elf/rtld-libc.a(rtld-rawmemchr.os)
 .note.GNU-stack
                0x0000000000000000        0x0 /home/sekwon/strata_sekwon/shim/glibc-build-all/elf/rtld-libc.a(rtld-setitimer.os)

.debug
 *(.debug)

.line
 *(.line)

.debug_srcinfo
 *(.debug_srcinfo)

.debug_sfnames
 *(.debug_sfnames)

.debug_aranges
 *(.debug_aranges)

.debug_pubnames
 *(.debug_pubnames)

.debug_info
 *(.debug_info)

.debug_abbrev
 *(.debug_abbrev)

.debug_line
 *(.debug_line .debug_line.* .debug_line_end)

.debug_frame
 *(.debug_frame)

.debug_str
 *(.debug_str)

.debug_loc
 *(.debug_loc)

.debug_macinfo
 *(.debug_macinfo)

.debug_weaknames
 *(.debug_weaknames)

.debug_funcnames
 *(.debug_funcnames)

.debug_typenames
 *(.debug_typenames)

.debug_varnames
 *(.debug_varnames)

.debug_pubtypes
 *(.debug_pubtypes)

.debug_ranges
 *(.debug_ranges)

.debug_macro
 *(.debug_macro)

.gnu.attributes
 *(.gnu.attributes)
OUTPUT(/home/sekwon/strata_sekwon/shim/glibc-build-all/elf/librtld.os elf64-x86-64)
